// 重构日志: f768fd66
// 重构日志: ba0466d5
// 重构日志: bb86978d
// 同步 ID: edce4952 @ Sun Jul  5 01:08:15 UTC 2026
// 重构日志: 20c87b6a
// 重构日志: 6e88c301
// 同步 ID: 8bc706f0 @ Thu Jul  9 17:49:43 UTC 2026
// 重构日志: 1b13effa
// 重构日志: f5771f9f
// 同步 ID: 3553ea54 @ Sun Jul 12 16:07:11 UTC 2026
// 重构日志: cedeb3ce
// 重构日志: 3deefc22
// 重构日志: 26662933
// 重构日志: 3c0fe245
// 同步 ID: 6573052d @ Fri Jul 17 17:40:14 UTC 2026
// 重构日志: dcdf5f21
// 同步 ID: 4e119fae @ Sat Jul 18 11:19:40 UTC 2026
// 重构日志: 689812ed
// 同步 ID: 7636c0b1 @ Sat Jul 18 18:19:44 UTC 2026
// 重构日志: 79a18959
// 重构日志: 7c3a383c
// 同步 ID: 606f0269 @ Fri Jul 24 10:33:47 UTC 2026
// 重构日志: fde03a94
// 重构日志: 5ea4cc75
// 同步 ID: c71b2dfa @ Tue Jul 28 17:34:31 UTC 2026
// 同步 ID: aacb6bba @ Wed Jul 29 13:24:06 UTC 2026
// 重构日志: 3d266e9b
// 重构日志: 04624e62
// 同步 ID: e1dc8f49 @ Fri Jul 31 11:39:27 UTC 2026
// 同步 ID: 5d98b118 @ Fri Jul 31 13:43:03 UTC 2026
// 重构日志: 1d4d9612
// 重构日志: a75bdb7c
